// Jest Snapshot v1, https://goo.gl/fbAQLP

exports[`ArticleList renders correctly 1`] = `
<div>
  <div>
    <div>
      <div />
      <div>
        Invalid Date
      </div>
      <div />
    </div>
    <div>
      <div />
    </div>
  </div>
  <div>
    <div>
      <div />
      <div>
        Invalid Date
      </div>
      <div />
    </div>
    <div>
      <div />
    </div>
  </div>
</div>
`;

exports[`ArticleList renders correctly 2`] = `
<div>
  <div>
    <div>
      <div />
      <div>
        Invalid Date
      </div>
      <div />
    </div>
    <div>
      <div />
    </div>
  </div>
  <div>
    <div>
      <div />
      <div>
        Invalid Date
      </div>
      <div />
    </div>
    <div>
      <div />
    </div>
  </div>
</div>
`;
